
Id: 00000000-0000-0000-0000-000000000000
Name: Billy Bobs Texas BBQ 
Street: 123 Barbeque St.
City: Kansas City
State: MO
ZipCode: 81721
PhoneNumber: 8761234121
Website: www.billybobs.com
Rating: 0
