Restaurants[0] = 
Id: 664823c7-c985-4987-9d03-f13265f9e84e
Name: Billy Bobs Texas BBQ 
Street: 123 Barbeque St.
City: Kansas City
State: MO
ZipCode: 81721
PhoneNumber: 8761234121
Website: www.billybobs.com
Rating: 0

