
Id: aa6a73a1-6456-4cfb-b891-fcc1ab32b716
Name: Billy Bobs Texas BBQ 
Street: 123 Barbeque St.
City: Kansas City
State: MO
ZipCode: 81721
PhoneNumber: 8761234121
Website: www.billybobs.com
Rating: 0
