Restaurants[0] = 
Id: 7e9f9924-156e-4b9f-8a41-0f21137e5df4
Name: Yodel 
Street: 95612 Mayer Park
City: Salt Lake City
State: UT
ZipCode: 84170
PhoneNumber: 801 508 2699
Website: eventbrite.com
Rating: 10

Restaurants[1] = 
Id: c325cd17-4619-48bd-97c9-7b2e29db6de9
Name: Topicblab 
Street: 9407 Dorton Terrace
City: Ogden
State: UT
ZipCode: 84403
PhoneNumber: 801 302 4842
Website: auda.org.au
Rating: 10

Restaurants[2] = 
Id: cb76ceb5-3275-4e85-bf54-01059433d564
Name: Dabtype 
Street: 54894 Fisk Avenue
City: Cleveland
State: OH
ZipCode: 44191
PhoneNumber: 216 860 1827
Website: t.co
Rating: 8

