
ReviewId: 18c9c6a1-89a1-40ed-a7f9-b9b83e882793
Rating: 5
Comment: It was ok.
Name: Mike
Id: 1
