
Id: 00000000-0000-0000-0000-000000000000
Name: Billy Bobs Texas BBQ 
Address: 123 Barbeque St. Kansas City MO 81721
PhoneNumber: 8761234121
Website: www.billybobs.com
Rating: 0